// Jest Snapshot v1, https://goo.gl/fbAQLP

exports[`home page tests home page renders without crashing 1`] = `
<div
  className="MuiBox-root css-0"
  style={
    Object {
      "alignItems": "center",
      "display": "flex",
      "flexDirection": "column",
      "height": "94vh",
      "justifyContent": "center",
      "paddingLeft": "1rem",
      "paddingRight": "1rem",
    }
  }
>
  <p
    className="MuiTypography-root MuiTypography-body1 css-ahj2mt-MuiTypography-root"
  >
    Feel free to add, organise, edit and sort tasks to your liking.
  </p>
</div>
`;
